../Core/Src/main.c:82:6:HAL_TIM_IC_CaptureCallback	16	static
../Core/Src/main.c:92:5:main	8	static
../Core/Src/main.c:141:6:SystemClock_Config	72	static
../Core/Src/main.c:178:13:MX_TIM1_Init	32	static
../Core/Src/main.c:224:13:MX_TIM2_Init	32	static
../Core/Src/main.c:269:13:MX_TIM3_Init	64	static
../Core/Src/main.c:328:13:MX_TIM4_Init	56	static
../Core/Src/main.c:377:13:MX_GPIO_Init	32	static
../Core/Src/main.c:402:6:HAL_TIM_PeriodElapsedCallback	40	static
../Core/Src/main.c:443:6:Error_Handler	4	static,ignoring_inline_asm
